***********************************************************************
*
*	DYNAMIC LINK AND INDIRECT ALLOCATION LISTING FOR: P01_PLC_Hello
*
***********************************************************************


***************************************************
	 FIRST CODE AREA
***************************************************

***************************************************
	 DATABLOCK PATCHES
***************************************************
*
* List of data blocks that will be checked run-time for consistency with
* their definition available at compile-time
*
*
*	REQUIREMENTS for DATA BLOCK %I255
*		Process image: 1
*		Number of elements: 32
*		Data size (bytes): 1
0000	01 01 FF 00 20 00 00 00 01 00 00 00 

*
*	REQUIREMENTS for DATA BLOCK %Q255
*		Process image: 1
*		Number of elements: 32
*		Data size (bytes): 1
000C	01 02 FF 00 20 00 00 00 01 00 00 00 

*
* List of all references to data allocated on data blocks
* along with the whole information required by the run-time linker
*
*
*	1 REFERENCE(S) TO 8-BIT VAR AT BYTE #1 OF DATA BLOCK %Q255
0000	00 00 FF 00 01 00 00 00 02 01 01 00 

*		Instruction type: 0x00
*		Code offset: 0x00000251
000C	51 02 00 00 

*
*	1 REFERENCE(S) TO 8-BIT VAR AT BYTE #0 OF DATA BLOCK %I255
0010	00 00 FF 00 00 00 00 00 01 01 01 00 

*		Instruction type: 0x00
*		Code offset: 0x00000248
001C	48 02 00 00 


***************************************************
	 FUNCTION PATCHES
***************************************************

NAME: Systoupper  - NUM: 1
	 Patch - TYPE: 0x0 - CODE OFFSET: 0x00000188

NAME: SysXUnifiedValue  - NUM: 1
	 Patch - TYPE: 0x0 - CODE OFFSET: 0x000001DB

***************************************************
	MEMORY AREA ACCESS PATCH
***************************************************
*
* List of all references to data allocated in memory areas
* along with the whole information required by the run-time linker
*
*
*	1 REFERENCE(S) TO 8-BIT VAR AT BYTE #12 OF DATA AREA
0000	44 01 01 00 0C 00 00 00 

*		Instruction type: 0x00
*		Code offset: 0x00000219
0008	19 02 00 00 

*
*	1 REFERENCE(S) TO 32-BIT VAR AT BYTE #16 OF DATA AREA
000C	44 04 01 00 10 00 00 00 

*		Instruction type: 0x00
*		Code offset: 0x0000027A
0014	7A 02 00 00 

*
*	1 REFERENCE(S) TO 32-BIT VAR AT BYTE #24 OF DATA AREA
0018	44 04 01 00 18 00 00 00 

*		Instruction type: 0x00
*		Code offset: 0x00000285
0020	85 02 00 00 

*
*	1 REFERENCE(S) TO 48-BIT VAR AT BYTE #44 OF DATA AREA
0024	44 06 01 00 2C 00 00 00 

*		Instruction type: 0x00
*		Code offset: 0x00000274
002C	74 02 00 00 

*
*	1 REFERENCE(S) TO 48-BIT VAR AT BYTE #50 OF DATA AREA
0030	44 06 01 00 32 00 00 00 

*		Instruction type: 0x00
*		Code offset: 0x0000027F
0038	7F 02 00 00 

